---
source: src/modules/nft/data_provider/nft_info.rs
expression: nfts
---
Ok(
    [
        Nft {
            token_id: "1394",
            owner_account_id: "olenavorobei.near",
            metadata: NftMetadata {
                title: Some(
                    "Billionaire Bull #1394",
                ),
                description: None,
                media: Some(
                    "1394.png",
                ),
                media_hash: None,
                copies: None,
                extra: None,
                reference: Some(
                    "1394.json",
                ),
                reference_hash: None,
            },
        },
        Nft {
            token_id: "345",
            owner_account_id: "olenavorobei.near",
            metadata: NftMetadata {
                title: Some(
                    "Billionaire Bull #345",
                ),
                description: None,
                media: Some(
                    "345.png",
                ),
                media_hash: None,
                copies: None,
                extra: None,
                reference: Some(
                    "345.json",
                ),
                reference_hash: None,
            },
        },
        Nft {
            token_id: "100",
            owner_account_id: "olenavorobei.near",
            metadata: NftMetadata {
                title: Some(
                    "Billionaire Bull #100",
                ),
                description: None,
                media: Some(
                    "100.png",
                ),
                media_hash: None,
                copies: None,
                extra: None,
                reference: Some(
                    "100.json",
                ),
                reference_hash: None,
            },
        },
        Nft {
            token_id: "1475",
            owner_account_id: "olenavorobei.near",
            metadata: NftMetadata {
                title: Some(
                    "Billionaire Bull #1475",
                ),
                description: None,
                media: Some(
                    "1475.png",
                ),
                media_hash: None,
                copies: None,
                extra: None,
                reference: Some(
                    "1475.json",
                ),
                reference_hash: None,
            },
        },
    ],
)
