---
source: src/modules/coin/data_provider/history.rs
expression: balance
---
Ok(
    [
        HistoryItem {
            involved_account_id: Some(
                AccountId(
                    "zubkowi.near",
                ),
            ),
            delta_balance: I128(
                -4114870673270849579420,
            ),
            balance: U128(
                31545068376206505050420580,
            ),
            cause: "TRANSACTION",
            status: "SUCCESS",
            coin_metadata: CoinMetadata {
                name: "NEAR blockchain native token",
                symbol: "NEAR",
                icon: Some(
                    "https://raw.githubusercontent.com/near/near-wallet/7ef3c824404282b76b36da2dff4f3e593e7f928d/packages/frontend/src/images/near.svg",
                ),
                decimals: 24,
            },
            block_timestamp_nanos: U64(
                1618591016599569765,
            ),
        },
        HistoryItem {
            involved_account_id: Some(
                AccountId(
                    "zubkowi.near",
                ),
            ),
            delta_balance: I128(
                79891276688900000000,
            ),
            balance: U128(
                31545148267483193950420580,
            ),
            cause: "CONTRACT_REWARD",
            status: "FAILURE",
            coin_metadata: CoinMetadata {
                name: "NEAR blockchain native token",
                symbol: "NEAR",
                icon: Some(
                    "https://raw.githubusercontent.com/near/near-wallet/7ef3c824404282b76b36da2dff4f3e593e7f928d/packages/frontend/src/images/near.svg",
                ),
                decimals: 24,
            },
            block_timestamp_nanos: U64(
                1618591016599569765,
            ),
        },
        HistoryItem {
            involved_account_id: None,
            delta_balance: I128(
                3362968354850349579420,
            ),
            balance: U128(
                31549183246879775900000000,
            ),
            cause: "RECEIPT",
            status: "SUCCESS",
            coin_metadata: CoinMetadata {
                name: "NEAR blockchain native token",
                symbol: "NEAR",
                icon: Some(
                    "https://raw.githubusercontent.com/near/near-wallet/7ef3c824404282b76b36da2dff4f3e593e7f928d/packages/frontend/src/images/near.svg",
                ),
                decimals: 24,
            },
            block_timestamp_nanos: U64(
                1618591001077258171,
            ),
        },
        HistoryItem {
            involved_account_id: Some(
                AccountId(
                    "zubkowi.near",
                ),
            ),
            delta_balance: I128(
                79891276688900000000,
            ),
            balance: U128(
                31545820278524925550420580,
            ),
            cause: "CONTRACT_REWARD",
            status: "FAILURE",
            coin_metadata: CoinMetadata {
                name: "NEAR blockchain native token",
                symbol: "NEAR",
                icon: Some(
                    "https://raw.githubusercontent.com/near/near-wallet/7ef3c824404282b76b36da2dff4f3e593e7f928d/packages/frontend/src/images/near.svg",
                ),
                decimals: 24,
            },
            block_timestamp_nanos: U64(
                1618591001077258170,
            ),
        },
        HistoryItem {
            involved_account_id: Some(
                AccountId(
                    "zubkowi.near",
                ),
            ),
            delta_balance: I128(
                -4114870673270849579420,
            ),
            balance: U128(
                31545740387248236650420580,
            ),
            cause: "TRANSACTION",
            status: "SUCCESS",
            coin_metadata: CoinMetadata {
                name: "NEAR blockchain native token",
                symbol: "NEAR",
                icon: Some(
                    "https://raw.githubusercontent.com/near/near-wallet/7ef3c824404282b76b36da2dff4f3e593e7f928d/packages/frontend/src/images/near.svg",
                ),
                decimals: 24,
            },
            block_timestamp_nanos: U64(
                1618591001077258170,
            ),
        },
        HistoryItem {
            involved_account_id: None,
            delta_balance: I128(
                3362968354850349579420,
            ),
            balance: U128(
                31549855257921507500000000,
            ),
            cause: "RECEIPT",
            status: "SUCCESS",
            coin_metadata: CoinMetadata {
                name: "NEAR blockchain native token",
                symbol: "NEAR",
                icon: Some(
                    "https://raw.githubusercontent.com/near/near-wallet/7ef3c824404282b76b36da2dff4f3e593e7f928d/packages/frontend/src/images/near.svg",
                ),
                decimals: 24,
            },
            block_timestamp_nanos: U64(
                1618590932039353161,
            ),
        },
        HistoryItem {
            involved_account_id: Some(
                AccountId(
                    "zubkowi.near",
                ),
            ),
            delta_balance: I128(
                -4114870673270849579420,
            ),
            balance: U128(
                31546412398289968250420580,
            ),
            cause: "TRANSACTION",
            status: "SUCCESS",
            coin_metadata: CoinMetadata {
                name: "NEAR blockchain native token",
                symbol: "NEAR",
                icon: Some(
                    "https://raw.githubusercontent.com/near/near-wallet/7ef3c824404282b76b36da2dff4f3e593e7f928d/packages/frontend/src/images/near.svg",
                ),
                decimals: 24,
            },
            block_timestamp_nanos: U64(
                1618590930828212179,
            ),
        },
        HistoryItem {
            involved_account_id: Some(
                AccountId(
                    "zubkowi.near",
                ),
            ),
            delta_balance: I128(
                79891276688900000000,
            ),
            balance: U128(
                31546492289566657150420580,
            ),
            cause: "CONTRACT_REWARD",
            status: "FAILURE",
            coin_metadata: CoinMetadata {
                name: "NEAR blockchain native token",
                symbol: "NEAR",
                icon: Some(
                    "https://raw.githubusercontent.com/near/near-wallet/7ef3c824404282b76b36da2dff4f3e593e7f928d/packages/frontend/src/images/near.svg",
                ),
                decimals: 24,
            },
            block_timestamp_nanos: U64(
                1618590930828212179,
            ),
        },
        HistoryItem {
            involved_account_id: None,
            delta_balance: I128(
                3362968354850349579420,
            ),
            balance: U128(
                31550527268963239100000000,
            ),
            cause: "RECEIPT",
            status: "SUCCESS",
            coin_metadata: CoinMetadata {
                name: "NEAR blockchain native token",
                symbol: "NEAR",
                icon: Some(
                    "https://raw.githubusercontent.com/near/near-wallet/7ef3c824404282b76b36da2dff4f3e593e7f928d/packages/frontend/src/images/near.svg",
                ),
                decimals: 24,
            },
            block_timestamp_nanos: U64(
                1618590906331074504,
            ),
        },
        HistoryItem {
            involved_account_id: Some(
                AccountId(
                    "zubkowi.near",
                ),
            ),
            delta_balance: I128(
                79891276688900000000,
            ),
            balance: U128(
                31547164300608388750420580,
            ),
            cause: "CONTRACT_REWARD",
            status: "FAILURE",
            coin_metadata: CoinMetadata {
                name: "NEAR blockchain native token",
                symbol: "NEAR",
                icon: Some(
                    "https://raw.githubusercontent.com/near/near-wallet/7ef3c824404282b76b36da2dff4f3e593e7f928d/packages/frontend/src/images/near.svg",
                ),
                decimals: 24,
            },
            block_timestamp_nanos: U64(
                1618590905146744810,
            ),
        },
    ],
)
