---
source: src/modules/coin/data_provider/history.rs
expression: balance
---
Ok(
    [
        HistoryItem {
            involved_account_id: Some(
                AccountId(
                    "f707981a57242b965014de81f57f04ac4a9fc9741fd1b65e6670fa848e16decc",
                ),
            ),
            delta_balance: I128(
                -100010999999987802357145,
            ),
            balance: U128(
                0,
            ),
            cause: "TRANSFER",
            status: "SUCCESS",
            coin_metadata: CoinMetadata {
                name: "SWEAT",
                symbol: "SWEAT",
                icon: Some(
                    "data:image/svg+xml,%3Csvg viewBox='0 0 100 100' fill='none' xmlns='http://www.w3.org/2000/svg'%3E%3Crect width='100' height='100' rx='50' fill='%23FF0D75'/%3E%3Cg clip-path='url(%23clip0_283_2788)'%3E%3Cpath d='M39.4653 77.5455L19.0089 40.02L35.5411 22.2805L55.9975 59.806L39.4653 77.5455Z' stroke='white' stroke-width='10'/%3E%3Cpath d='M66.0253 77.8531L45.569 40.3276L62.1012 22.5882L82.5576 60.1136L66.0253 77.8531Z' stroke='white' stroke-width='10'/%3E%3C/g%3E%3Cdefs%3E%3CclipPath id='clip0_283_2788'%3E%3Crect width='100' height='56' fill='white' transform='translate(0 22)'/%3E%3C/clipPath%3E%3C/defs%3E%3C/svg%3E%0A",
                ),
                decimals: 18,
            },
            block_timestamp_nanos: U64(
                1651062637353692535,
            ),
        },
        HistoryItem {
            involved_account_id: Some(
                AccountId(
                    "f707981a57242b965014de81f57f04ac4a9fc9741fd1b65e6670fa848e16decc",
                ),
            ),
            delta_balance: I128(
                -100010999999987802357145,
            ),
            balance: U128(
                100010999999987802357145,
            ),
            cause: "TRANSFER",
            status: "FAILURE",
            coin_metadata: CoinMetadata {
                name: "SWEAT",
                symbol: "SWEAT",
                icon: Some(
                    "data:image/svg+xml,%3Csvg viewBox='0 0 100 100' fill='none' xmlns='http://www.w3.org/2000/svg'%3E%3Crect width='100' height='100' rx='50' fill='%23FF0D75'/%3E%3Cg clip-path='url(%23clip0_283_2788)'%3E%3Cpath d='M39.4653 77.5455L19.0089 40.02L35.5411 22.2805L55.9975 59.806L39.4653 77.5455Z' stroke='white' stroke-width='10'/%3E%3Cpath d='M66.0253 77.8531L45.569 40.3276L62.1012 22.5882L82.5576 60.1136L66.0253 77.8531Z' stroke='white' stroke-width='10'/%3E%3C/g%3E%3Cdefs%3E%3CclipPath id='clip0_283_2788'%3E%3Crect width='100' height='56' fill='white' transform='translate(0 22)'/%3E%3C/clipPath%3E%3C/defs%3E%3C/svg%3E%0A",
                ),
                decimals: 18,
            },
            block_timestamp_nanos: U64(
                1651062612354458689,
            ),
        },
        HistoryItem {
            involved_account_id: None,
            delta_balance: I128(
                100000000000000000000000,
            ),
            balance: U128(
                100010999999987802357145,
            ),
            cause: "MINT",
            status: "SUCCESS",
            coin_metadata: CoinMetadata {
                name: "SWEAT",
                symbol: "SWEAT",
                icon: Some(
                    "data:image/svg+xml,%3Csvg viewBox='0 0 100 100' fill='none' xmlns='http://www.w3.org/2000/svg'%3E%3Crect width='100' height='100' rx='50' fill='%23FF0D75'/%3E%3Cg clip-path='url(%23clip0_283_2788)'%3E%3Cpath d='M39.4653 77.5455L19.0089 40.02L35.5411 22.2805L55.9975 59.806L39.4653 77.5455Z' stroke='white' stroke-width='10'/%3E%3Cpath d='M66.0253 77.8531L45.569 40.3276L62.1012 22.5882L82.5576 60.1136L66.0253 77.8531Z' stroke='white' stroke-width='10'/%3E%3C/g%3E%3Cdefs%3E%3CclipPath id='clip0_283_2788'%3E%3Crect width='100' height='56' fill='white' transform='translate(0 22)'/%3E%3C/clipPath%3E%3C/defs%3E%3C/svg%3E%0A",
                ),
                decimals: 18,
            },
            block_timestamp_nanos: U64(
                1650923149621303693,
            ),
        },
        HistoryItem {
            involved_account_id: None,
            delta_balance: I128(
                9499999991723028480,
            ),
            balance: U128(
                10999999987802357145,
            ),
            cause: "MINT",
            status: "SUCCESS",
            coin_metadata: CoinMetadata {
                name: "SWEAT",
                symbol: "SWEAT",
                icon: Some(
                    "data:image/svg+xml,%3Csvg viewBox='0 0 100 100' fill='none' xmlns='http://www.w3.org/2000/svg'%3E%3Crect width='100' height='100' rx='50' fill='%23FF0D75'/%3E%3Cg clip-path='url(%23clip0_283_2788)'%3E%3Cpath d='M39.4653 77.5455L19.0089 40.02L35.5411 22.2805L55.9975 59.806L39.4653 77.5455Z' stroke='white' stroke-width='10'/%3E%3Cpath d='M66.0253 77.8531L45.569 40.3276L62.1012 22.5882L82.5576 60.1136L66.0253 77.8531Z' stroke='white' stroke-width='10'/%3E%3C/g%3E%3Cdefs%3E%3CclipPath id='clip0_283_2788'%3E%3Crect width='100' height='56' fill='white' transform='translate(0 22)'/%3E%3C/clipPath%3E%3C/defs%3E%3C/svg%3E%0A",
                ),
                decimals: 18,
            },
            block_timestamp_nanos: U64(
                1649781878898534449,
            ),
        },
        HistoryItem {
            involved_account_id: None,
            delta_balance: I128(
                1499999996079328665,
            ),
            balance: U128(
                1499999996079328665,
            ),
            cause: "MINT",
            status: "SUCCESS",
            coin_metadata: CoinMetadata {
                name: "SWEAT",
                symbol: "SWEAT",
                icon: Some(
                    "data:image/svg+xml,%3Csvg viewBox='0 0 100 100' fill='none' xmlns='http://www.w3.org/2000/svg'%3E%3Crect width='100' height='100' rx='50' fill='%23FF0D75'/%3E%3Cg clip-path='url(%23clip0_283_2788)'%3E%3Cpath d='M39.4653 77.5455L19.0089 40.02L35.5411 22.2805L55.9975 59.806L39.4653 77.5455Z' stroke='white' stroke-width='10'/%3E%3Cpath d='M66.0253 77.8531L45.569 40.3276L62.1012 22.5882L82.5576 60.1136L66.0253 77.8531Z' stroke='white' stroke-width='10'/%3E%3C/g%3E%3Cdefs%3E%3CclipPath id='clip0_283_2788'%3E%3Crect width='100' height='56' fill='white' transform='translate(0 22)'/%3E%3C/clipPath%3E%3C/defs%3E%3C/svg%3E%0A",
                ),
                decimals: 18,
            },
            block_timestamp_nanos: U64(
                1649781878898534449,
            ),
        },
    ],
)
