---
source: src/api.rs
expression: balance
---
Ok(
    [
        NearHistoryItem {
            involved_account_id: None,
            delta_balance: I128(
                101623970103823687500,
            ),
            delta_available_balance: I128(
                101623970103823687500,
            ),
            delta_staked_balance: I128(
                0,
            ),
            total_balance: U128(
                1756772704319140300155460,
            ),
            available_balance: U128(
                1756772704319140300155460,
            ),
            staked_balance: U128(
                0,
            ),
            cause: "RECEIPT",
            block_timestamp_nanos: U64(
                1654111348727924022,
            ),
        },
        NearHistoryItem {
            involved_account_id: None,
            delta_balance: I128(
                21799305227256167465972,
            ),
            delta_available_balance: I128(
                21799305227256167465972,
            ),
            delta_staked_balance: I128(
                0,
            ),
            total_balance: U128(
                1756671080349036476467960,
            ),
            available_balance: U128(
                1756671080349036476467960,
            ),
            staked_balance: U128(
                0,
            ),
            cause: "RECEIPT",
            block_timestamp_nanos: U64(
                1654111347513368420,
            ),
        },
        NearHistoryItem {
            involved_account_id: None,
            delta_balance: I128(
                132908897949966335627702,
            ),
            delta_available_balance: I128(
                132908897949966335627702,
            ),
            delta_staked_balance: I128(
                0,
            ),
            total_balance: U128(
                1734871775121780309001988,
            ),
            available_balance: U128(
                1734871775121780309001988,
            ),
            staked_balance: U128(
                0,
            ),
            cause: "RECEIPT",
            block_timestamp_nanos: U64(
                1654111346164879094,
            ),
        },
        NearHistoryItem {
            involved_account_id: Some(
                AccountId(
                    "zomland.near",
                ),
            ),
            delta_balance: I128(
                0,
            ),
            delta_available_balance: I128(
                0,
            ),
            delta_staked_balance: I128(
                0,
            ),
            total_balance: U128(
                1601962877171813973374286,
            ),
            available_balance: U128(
                1601962877171813973374286,
            ),
            staked_balance: U128(
                0,
            ),
            cause: "RECEIPT",
            block_timestamp_nanos: U64(
                1654111344935014394,
            ),
        },
        NearHistoryItem {
            involved_account_id: Some(
                AccountId(
                    "zomland.near",
                ),
            ),
            delta_balance: I128(
                -167086398855095326781174,
            ),
            delta_available_balance: I128(
                -167086398855095326781174,
            ),
            delta_staked_balance: I128(
                0,
            ),
            total_balance: U128(
                1601962877171813973374286,
            ),
            available_balance: U128(
                1601962877171813973374286,
            ),
            staked_balance: U128(
                0,
            ),
            cause: "TRANSACTION",
            block_timestamp_nanos: U64(
                1654111343525445174,
            ),
        },
        NearHistoryItem {
            involved_account_id: None,
            delta_balance: I128(
                101623970103823687500,
            ),
            delta_available_balance: I128(
                101623970103823687500,
            ),
            delta_staked_balance: I128(
                0,
            ),
            total_balance: U128(
                1769049276026909300155460,
            ),
            available_balance: U128(
                1769049276026909300155460,
            ),
            staked_balance: U128(
                0,
            ),
            cause: "RECEIPT",
            block_timestamp_nanos: U64(
                1654111329955393269,
            ),
        },
        NearHistoryItem {
            involved_account_id: None,
            delta_balance: I128(
                9423692512372529308492,
            ),
            delta_available_balance: I128(
                9423692512372529308492,
            ),
            delta_staked_balance: I128(
                0,
            ),
            total_balance: U128(
                1768947652056805476467960,
            ),
            available_balance: U128(
                1768947652056805476467960,
            ),
            staked_balance: U128(
                0,
            ),
            cause: "RECEIPT",
            block_timestamp_nanos: U64(
                1654111328447267555,
            ),
        },
        NearHistoryItem {
            involved_account_id: None,
            delta_balance: I128(
                57343829034145199293772,
            ),
            delta_available_balance: I128(
                57343829034145199293772,
            ),
            delta_staked_balance: I128(
                0,
            ),
            total_balance: U128(
                1759523959544432947159468,
            ),
            available_balance: U128(
                1759523959544432947159468,
            ),
            staked_balance: U128(
                0,
            ),
            cause: "RECEIPT",
            block_timestamp_nanos: U64(
                1654111327378463512,
            ),
        },
        NearHistoryItem {
            involved_account_id: None,
            delta_balance: I128(
                17558614133113064358912,
            ),
            delta_available_balance: I128(
                17558614133113064358912,
            ),
            delta_staked_balance: I128(
                0,
            ),
            total_balance: U128(
                1702180130510287747865696,
            ),
            available_balance: U128(
                1702180130510287747865696,
            ),
            staked_balance: U128(
                0,
            ),
            cause: "RECEIPT",
            block_timestamp_nanos: U64(
                1654111326249786661,
            ),
        },
        NearHistoryItem {
            involved_account_id: None,
            delta_balance: I128(
                68448987417774436884896,
            ),
            delta_available_balance: I128(
                68448987417774436884896,
            ),
            delta_staked_balance: I128(
                0,
            ),
            total_balance: U128(
                1684621516377174683506784,
            ),
            available_balance: U128(
                1684621516377174683506784,
            ),
            staked_balance: U128(
                0,
            ),
            cause: "RECEIPT",
            block_timestamp_nanos: U64(
                1654111325101536292,
            ),
        },
    ],
)
