---
source: src/modules/coin/data_provider/history.rs
expression: history
---
Ok(
    [
        HistoryItem {
            event_index: U128(
                16351385620050000000000000000080001,
            ),
            involved_account_id: Some(
                AccountId(
                    "aurora",
                ),
            ),
            delta_balance: "1000000000000000000000000",
            balance: U128(
                2000000000000000000000000,
            ),
            cause: "TRANSFER",
            status: "SUCCESS",
            coin_metadata: CoinMetadata {
                name: "Wrapped NEAR fungible token",
                symbol: "wNEAR",
                icon: None,
                decimals: 24,
            },
            block_timestamp_nanos: U64(
                1635138562005861810,
            ),
            block_height: U64(
                51036832,
            ),
        },
        HistoryItem {
            event_index: U128(
                16351379496320000000000000000080001,
            ),
            involved_account_id: Some(
                AccountId(
                    "aurora",
                ),
            ),
            delta_balance: "1000000000000000000000000",
            balance: U128(
                1000000000000000000000000,
            ),
            cause: "TRANSFER",
            status: "SUCCESS",
            coin_metadata: CoinMetadata {
                name: "Wrapped NEAR fungible token",
                symbol: "wNEAR",
                icon: None,
                decimals: 24,
            },
            block_timestamp_nanos: U64(
                1635137949632388303,
            ),
            block_height: U64(
                51036263,
            ),
        },
        HistoryItem {
            event_index: U128(
                16351378020850000000000000000080000,
            ),
            involved_account_id: Some(
                AccountId(
                    "aurora",
                ),
            ),
            delta_balance: "-1000000000000000000000000",
            balance: U128(
                0,
            ),
            cause: "TRANSFER",
            status: "SUCCESS",
            coin_metadata: CoinMetadata {
                name: "Wrapped NEAR fungible token",
                symbol: "wNEAR",
                icon: None,
                decimals: 24,
            },
            block_timestamp_nanos: U64(
                1635137802085638066,
            ),
            block_height: U64(
                51036125,
            ),
        },
        HistoryItem {
            event_index: U128(
                16351369770490000000000000000080001,
            ),
            involved_account_id: Some(
                AccountId(
                    "aurora",
                ),
            ),
            delta_balance: "1000000000000000000000000",
            balance: U128(
                1000000000000000000000000,
            ),
            cause: "TRANSFER",
            status: "SUCCESS",
            coin_metadata: CoinMetadata {
                name: "Wrapped NEAR fungible token",
                symbol: "wNEAR",
                icon: None,
                decimals: 24,
            },
            block_timestamp_nanos: U64(
                1635136977049505077,
            ),
            block_height: U64(
                51035397,
            ),
        },
        HistoryItem {
            event_index: U128(
                16351364419220000000000000000080000,
            ),
            involved_account_id: Some(
                AccountId(
                    "aurora",
                ),
            ),
            delta_balance: "-1000000000000000000000000",
            balance: U128(
                0,
            ),
            cause: "TRANSFER",
            status: "SUCCESS",
            coin_metadata: CoinMetadata {
                name: "Wrapped NEAR fungible token",
                symbol: "wNEAR",
                icon: None,
                decimals: 24,
            },
            block_timestamp_nanos: U64(
                1635136441922500224,
            ),
            block_height: U64(
                51034894,
            ),
        },
    ],
)
