---
source: src/modules/coin/data_provider/history.rs
expression: history
---
Ok(
    [
        HistoryItem {
            event_index: U128(
                16340420382560000000000000000080000,
            ),
            involved_account_id: None,
            delta_balance: "-990000000000000000000000",
            balance: U128(
                0,
            ),
            cause: "BURN",
            status: "SUCCESS",
            coin_metadata: CoinMetadata {
                name: "Wrapped NEAR fungible token",
                symbol: "wNEAR",
                icon: None,
                decimals: 24,
            },
            block_timestamp_nanos: U64(
                1634042038256381019,
            ),
            block_height: U64(
                50001133,
            ),
        },
        HistoryItem {
            event_index: U128(
                16340420299870000000000000000080001,
            ),
            involved_account_id: Some(
                AccountId(
                    "v2.ref-finance.near",
                ),
            ),
            delta_balance: "990000000000000000000000",
            balance: U128(
                990000000000000000000000,
            ),
            cause: "TRANSFER",
            status: "SUCCESS",
            coin_metadata: CoinMetadata {
                name: "Wrapped NEAR fungible token",
                symbol: "wNEAR",
                icon: None,
                decimals: 24,
            },
            block_timestamp_nanos: U64(
                1634042029987597927,
            ),
            block_height: U64(
                50001125,
            ),
        },
        HistoryItem {
            event_index: U128(
                16340420047630000000000000000080000,
            ),
            involved_account_id: Some(
                AccountId(
                    "v2.ref-finance.near",
                ),
            ),
            delta_balance: "-990000000000000000000000",
            balance: U128(
                0,
            ),
            cause: "TRANSFER",
            status: "SUCCESS",
            coin_metadata: CoinMetadata {
                name: "Wrapped NEAR fungible token",
                symbol: "wNEAR",
                icon: None,
                decimals: 24,
            },
            block_timestamp_nanos: U64(
                1634042004763737950,
            ),
            block_height: U64(
                50001099,
            ),
        },
        HistoryItem {
            event_index: U128(
                16340417644160000000000000000080000,
            ),
            involved_account_id: None,
            delta_balance: "0",
            balance: U128(
                990000000000000000000000,
            ),
            cause: "BURN",
            status: "SUCCESS",
            coin_metadata: CoinMetadata {
                name: "Wrapped NEAR fungible token",
                symbol: "wNEAR",
                icon: None,
                decimals: 24,
            },
            block_timestamp_nanos: U64(
                1634041764416599048,
            ),
            block_height: U64(
                50000871,
            ),
        },
        HistoryItem {
            event_index: U128(
                16340417569740000000000000000080001,
            ),
            involved_account_id: Some(
                AccountId(
                    "v2.ref-finance.near",
                ),
            ),
            delta_balance: "0",
            balance: U128(
                990000000000000000000000,
            ),
            cause: "TRANSFER",
            status: "FAILURE",
            coin_metadata: CoinMetadata {
                name: "Wrapped NEAR fungible token",
                symbol: "wNEAR",
                icon: None,
                decimals: 24,
            },
            block_timestamp_nanos: U64(
                1634041756974780900,
            ),
            block_height: U64(
                50000864,
            ),
        },
        HistoryItem {
            event_index: U128(
                16340415948500000000000000000080001,
            ),
            involved_account_id: Some(
                AccountId(
                    "aurora",
                ),
            ),
            delta_balance: "990000000000000000000000",
            balance: U128(
                990000000000000000000000,
            ),
            cause: "TRANSFER",
            status: "SUCCESS",
            coin_metadata: CoinMetadata {
                name: "Wrapped NEAR fungible token",
                symbol: "wNEAR",
                icon: None,
                decimals: 24,
            },
            block_timestamp_nanos: U64(
                1634041594850601409,
            ),
            block_height: U64(
                50000712,
            ),
        },
        HistoryItem {
            event_index: U128(
                16340411971280000000000000000080001,
            ),
            involved_account_id: Some(
                AccountId(
                    "aurora",
                ),
            ),
            delta_balance: "-1000000000000000000000000",
            balance: U128(
                0,
            ),
            cause: "TRANSFER",
            status: "SUCCESS",
            coin_metadata: CoinMetadata {
                name: "Wrapped NEAR fungible token",
                symbol: "wNEAR",
                icon: None,
                decimals: 24,
            },
            block_timestamp_nanos: U64(
                1634041197128424564,
            ),
            block_height: U64(
                50000329,
            ),
        },
        HistoryItem {
            event_index: U128(
                16340411971280000000000000000080000,
            ),
            involved_account_id: None,
            delta_balance: "1000000000000000000000000",
            balance: U128(
                1000000000000000000000000,
            ),
            cause: "MINT",
            status: "SUCCESS",
            coin_metadata: CoinMetadata {
                name: "Wrapped NEAR fungible token",
                symbol: "wNEAR",
                icon: None,
                decimals: 24,
            },
            block_timestamp_nanos: U64(
                1634041197128424564,
            ),
            block_height: U64(
                50000329,
            ),
        },
    ],
)
